{
  "guru_version": "4.0.0",
  "model_name": "hands-free-July-OA-Q-08",
  "world_name": "2022_july_pro",
  "race_type": "OBJECT_AVOIDANCE",
  "job_type": "TRAINING",
  "hyper": {
    "batch_size": 512,
    "entropy": 0.005,
    "discount_factor": 0.97,
    "loss_type": "huber",
    "learning_rate": 2e-05,
    "episodes_per_training_iteration": 0,
    "epochs": 10
  },
  "episode_stats": {
    "episode_count": 374,
    "iteration_count": 0,
    "success_count": 18,
    "average_percent_complete": 32.68728983957216,
    "best_steps": 330,
    "average_steps": 353,
    "worst_steps": 368,
    "best_time": 21.94399999999996,
    "average_time": 23.46777777777776,
    "worst_time": 24.436999999999898,
    "best_distance": 51.79318085309907,
    "average_distance": 54.02903276592976,
    "worst_distance": 56.14458178468634,
    "best_reward": 35566.801900000006,
    "average_reward": 9145.751240374331,
    "worst_reward": 0.0001
  },
  "action_space": [
    {
      "speed": 4.0,
      "steering_angle": 0,
      "index": 0
    },
    {
      "speed": 3.8,
      "steering_angle": -10,
      "index": 1
    },
    {
      "speed": 3.8,
      "steering_angle": 10,
      "index": 2
    },
    {
      "speed": 3.6,
      "steering_angle": -20,
      "index": 3
    },
    {
      "speed": 3.6,
      "steering_angle": 20,
      "index": 4
    },
    {
      "speed": 3.1,
      "steering_angle": -20,
      "index": 5
    },
    {
      "speed": 3.1,
      "steering_angle": 20,
      "index": 6
    },
    {
      "speed": 2.5,
      "steering_angle": 10,
      "index": 7
    },
    {
      "speed": 2.5,
      "steering_angle": -10,
      "index": 8
    },
    {
      "speed": 2.0,
      "steering_angle": 30,
      "index": 9
    },
    {
      "speed": 2.0,
      "steering_angle": -30,
      "index": 10
    },
    {
      "speed": 1.7,
      "steering_angle": 30,
      "index": 11
    },
    {
      "speed": 1.7,
      "steering_angle": -30,
      "index": 12
    },
    {
      "speed": 1.3,
      "steering_angle": 30,
      "index": 13
    },
    {
      "speed": 1.3,
      "steering_angle": -30,
      "index": 14
    }
  ]
}