{
  "guru_version": "4.0.0",
  "model_name": "sac-short-session",
  "world_name": "2022_reinvent_champ",
  "race_type": "TIME_TRIAL",
  "job_type": "TRAINING",
  "hyper": {
    "batch_size": 256,
    "learning_rate": 0.0003,
    "discount_factor": 0.999,
    "loss_type": "mean squared error",
    "episodes_per_training_iteration": 1
  },
  "episode_stats": {
    "episode_count": 4,
    "iteration_count": 0,
    "success_count": 0,
    "average_percent_complete": 4.593475,
    "best_steps": 0,
    "average_steps": 0,
    "worst_steps": 0,
    "best_time": 0.0,
    "average_time": 0.0,
    "worst_time": 0.0,
    "best_distance": 0.0,
    "average_distance": 0.0,
    "worst_distance": 0.0,
    "best_reward": 24.706,
    "average_reward": 15.955750000000002,
    "worst_reward": 9.105999999999996
  },
  "action_space": {
    "low_speed": 0.5,
    "high_speed": 1.0,
    "low_steering": -28.0,
    "high_steering": 30.0
  }
}