{
  "guru_version": "4.0.0",
  "model_name": "training-20220525035255-0NVXkrNsS0qJ1yHgfIXR6Q-robomaker",
  "world_name": "2022_may_open",
  "race_type": "TIME_TRIAL",
  "job_type": "TRAINING",
  "hyper": {
    "batch_size": 64,
    "learning_rate": 0.0003,
    "discount_factor": 0.999,
    "loss_type": "huber",
    "episodes_per_training_iteration": 0,
    "beta_entropy": 0.01,
    "epochs": 10
  },
  "episode_stats": {
    "episode_count": 952,
    "iteration_count": 0,
    "success_count": 0,
    "average_percent_complete": 11.13216712184873,
    "best_steps": 0,
    "average_steps": 0,
    "worst_steps": 0,
    "best_time": 0.0,
    "average_time": 0.0,
    "worst_time": 0.0,
    "best_distance": 0.0,
    "average_distance": 0.0,
    "worst_distance": 0.0,
    "best_reward": 28621.509100000003,
    "average_reward": 3988.912720063026,
    "worst_reward": 701.0423
  },
  "action_space": {
    "low_speed": 1.5,
    "high_speed": 3.2,
    "low_steering": -30.0,
    "high_steering": 30.0
  }
}